// Jest Snapshot v1, https://goo.gl/fbAQLP

exports[`snapshot test S3ToStepFunction default params 1`] = `
Object {
  "Resources": Object {
    "tests3stepfunctionCloudTrailS3Bucket826F62C0": Object {
      "DeletionPolicy": "Retain",
      "Properties": Object {
        "BucketEncryption": Object {
          "ServerSideEncryptionConfiguration": Array [
            Object {
              "ServerSideEncryptionByDefault": Object {
                "SSEAlgorithm": "AES256",
              },
            },
          ],
        },
        "LifecycleConfiguration": Object {
          "Rules": Array [
            Object {
              "NoncurrentVersionTransitions": Array [
                Object {
                  "StorageClass": "GLACIER",
                  "TransitionInDays": 90,
                },
              ],
              "Status": "Enabled",
            },
          ],
        },
        "LoggingConfiguration": Object {
          "DestinationBucketName": Object {
            "Ref": "tests3stepfunctionCloudTrailS3LoggingBucket4FA5C122",
          },
        },
        "PublicAccessBlockConfiguration": Object {
          "BlockPublicAcls": true,
          "BlockPublicPolicy": true,
          "IgnorePublicAcls": true,
          "RestrictPublicBuckets": true,
        },
        "VersioningConfiguration": Object {
          "Status": "Enabled",
        },
      },
      "Type": "AWS::S3::Bucket",
      "UpdateReplacePolicy": "Retain",
    },
    "tests3stepfunctionCloudTrailS3BucketPolicyA41AE459": Object {
      "Properties": Object {
        "Bucket": Object {
          "Ref": "tests3stepfunctionCloudTrailS3Bucket826F62C0",
        },
        "PolicyDocument": Object {
          "Statement": Array [
            Object {
              "Action": "*",
              "Condition": Object {
                "Bool": Object {
                  "aws:SecureTransport": "false",
                },
              },
              "Effect": "Deny",
              "Principal": Object {
                "AWS": "*",
              },
              "Resource": Array [
                Object {
                  "Fn::Join": Array [
                    "",
                    Array [
                      Object {
                        "Fn::GetAtt": Array [
                          "tests3stepfunctionCloudTrailS3Bucket826F62C0",
                          "Arn",
                        ],
                      },
                      "/*",
                    ],
                  ],
                },
                Object {
                  "Fn::GetAtt": Array [
                    "tests3stepfunctionCloudTrailS3Bucket826F62C0",
                    "Arn",
                  ],
                },
              ],
              "Sid": "HttpsOnly",
            },
            Object {
              "Action": "s3:GetBucketAcl",
              "Effect": "Allow",
              "Principal": Object {
                "Service": "cloudtrail.amazonaws.com",
              },
              "Resource": Object {
                "Fn::GetAtt": Array [
                  "tests3stepfunctionCloudTrailS3Bucket826F62C0",
                  "Arn",
                ],
              },
            },
            Object {
              "Action": "s3:PutObject",
              "Condition": Object {
                "StringEquals": Object {
                  "s3:x-amz-acl": "bucket-owner-full-control",
                },
              },
              "Effect": "Allow",
              "Principal": Object {
                "Service": "cloudtrail.amazonaws.com",
              },
              "Resource": Object {
                "Fn::Join": Array [
                  "",
                  Array [
                    Object {
                      "Fn::GetAtt": Array [
                        "tests3stepfunctionCloudTrailS3Bucket826F62C0",
                        "Arn",
                      ],
                    },
                    "/AWSLogs/",
                    Object {
                      "Ref": "AWS::AccountId",
                    },
                    "/*",
                  ],
                ],
              },
            },
          ],
          "Version": "2012-10-17",
        },
      },
      "Type": "AWS::S3::BucketPolicy",
    },
    "tests3stepfunctionCloudTrailS3LoggingBucket4FA5C122": Object {
      "DeletionPolicy": "Retain",
      "Metadata": Object {
        "cfn_nag": Object {
          "rules_to_suppress": Array [
            Object {
              "id": "W35",
              "reason": "This S3 bucket is used as the access logging bucket for another bucket",
            },
          ],
        },
      },
      "Properties": Object {
        "AccessControl": "LogDeliveryWrite",
        "BucketEncryption": Object {
          "ServerSideEncryptionConfiguration": Array [
            Object {
              "ServerSideEncryptionByDefault": Object {
                "SSEAlgorithm": "AES256",
              },
            },
          ],
        },
        "PublicAccessBlockConfiguration": Object {
          "BlockPublicAcls": true,
          "BlockPublicPolicy": true,
          "IgnorePublicAcls": true,
          "RestrictPublicBuckets": true,
        },
        "VersioningConfiguration": Object {
          "Status": "Enabled",
        },
      },
      "Type": "AWS::S3::Bucket",
      "UpdateReplacePolicy": "Retain",
    },
    "tests3stepfunctionCloudTrailS3LoggingBucketPolicy31661F97": Object {
      "Properties": Object {
        "Bucket": Object {
          "Ref": "tests3stepfunctionCloudTrailS3LoggingBucket4FA5C122",
        },
        "PolicyDocument": Object {
          "Statement": Array [
            Object {
              "Action": "*",
              "Condition": Object {
                "Bool": Object {
                  "aws:SecureTransport": "false",
                },
              },
              "Effect": "Deny",
              "Principal": Object {
                "AWS": "*",
              },
              "Resource": Array [
                Object {
                  "Fn::Join": Array [
                    "",
                    Array [
                      Object {
                        "Fn::GetAtt": Array [
                          "tests3stepfunctionCloudTrailS3LoggingBucket4FA5C122",
                          "Arn",
                        ],
                      },
                      "/*",
                    ],
                  ],
                },
                Object {
                  "Fn::GetAtt": Array [
                    "tests3stepfunctionCloudTrailS3LoggingBucket4FA5C122",
                    "Arn",
                  ],
                },
              ],
              "Sid": "HttpsOnly",
            },
          ],
          "Version": "2012-10-17",
        },
      },
      "Type": "AWS::S3::BucketPolicy",
    },
    "tests3stepfunctionS3Bucket57D6600C": Object {
      "DeletionPolicy": "Retain",
      "Properties": Object {
        "BucketEncryption": Object {
          "ServerSideEncryptionConfiguration": Array [
            Object {
              "ServerSideEncryptionByDefault": Object {
                "SSEAlgorithm": "AES256",
              },
            },
          ],
        },
        "LifecycleConfiguration": Object {
          "Rules": Array [
            Object {
              "NoncurrentVersionTransitions": Array [
                Object {
                  "StorageClass": "GLACIER",
                  "TransitionInDays": 90,
                },
              ],
              "Status": "Enabled",
            },
          ],
        },
        "LoggingConfiguration": Object {
          "DestinationBucketName": Object {
            "Ref": "tests3stepfunctionS3LoggingBucketF58651AD",
          },
        },
        "PublicAccessBlockConfiguration": Object {
          "BlockPublicAcls": true,
          "BlockPublicPolicy": true,
          "IgnorePublicAcls": true,
          "RestrictPublicBuckets": true,
        },
        "VersioningConfiguration": Object {
          "Status": "Enabled",
        },
      },
      "Type": "AWS::S3::Bucket",
      "UpdateReplacePolicy": "Retain",
    },
    "tests3stepfunctionS3BucketPolicy8C967304": Object {
      "Properties": Object {
        "Bucket": Object {
          "Ref": "tests3stepfunctionS3Bucket57D6600C",
        },
        "PolicyDocument": Object {
          "Statement": Array [
            Object {
              "Action": "*",
              "Condition": Object {
                "Bool": Object {
                  "aws:SecureTransport": "false",
                },
              },
              "Effect": "Deny",
              "Principal": Object {
                "AWS": "*",
              },
              "Resource": Array [
                Object {
                  "Fn::Join": Array [
                    "",
                    Array [
                      Object {
                        "Fn::GetAtt": Array [
                          "tests3stepfunctionS3Bucket57D6600C",
                          "Arn",
                        ],
                      },
                      "/*",
                    ],
                  ],
                },
                Object {
                  "Fn::GetAtt": Array [
                    "tests3stepfunctionS3Bucket57D6600C",
                    "Arn",
                  ],
                },
              ],
              "Sid": "HttpsOnly",
            },
          ],
          "Version": "2012-10-17",
        },
      },
      "Type": "AWS::S3::BucketPolicy",
    },
    "tests3stepfunctionS3EventsTrail4ECD93D3": Object {
      "DependsOn": Array [
        "tests3stepfunctionCloudTrailS3BucketPolicyA41AE459",
      ],
      "Properties": Object {
        "EnableLogFileValidation": true,
        "EventSelectors": Array [
          Object {
            "DataResources": Array [
              Object {
                "Type": "AWS::S3::Object",
                "Values": Array [
                  Object {
                    "Fn::Join": Array [
                      "",
                      Array [
                        Object {
                          "Fn::GetAtt": Array [
                            "tests3stepfunctionS3Bucket57D6600C",
                            "Arn",
                          ],
                        },
                        "/",
                      ],
                    ],
                  },
                ],
              },
            ],
            "IncludeManagementEvents": false,
            "ReadWriteType": "All",
          },
        ],
        "IncludeGlobalServiceEvents": true,
        "IsLogging": true,
        "IsMultiRegionTrail": true,
        "S3BucketName": Object {
          "Ref": "tests3stepfunctionCloudTrailS3Bucket826F62C0",
        },
      },
      "Type": "AWS::CloudTrail::Trail",
    },
    "tests3stepfunctionS3LoggingBucketF58651AD": Object {
      "DeletionPolicy": "Retain",
      "Metadata": Object {
        "cfn_nag": Object {
          "rules_to_suppress": Array [
            Object {
              "id": "W35",
              "reason": "This S3 bucket is used as the access logging bucket for another bucket",
            },
          ],
        },
      },
      "Properties": Object {
        "AccessControl": "LogDeliveryWrite",
        "BucketEncryption": Object {
          "ServerSideEncryptionConfiguration": Array [
            Object {
              "ServerSideEncryptionByDefault": Object {
                "SSEAlgorithm": "AES256",
              },
            },
          ],
        },
        "PublicAccessBlockConfiguration": Object {
          "BlockPublicAcls": true,
          "BlockPublicPolicy": true,
          "IgnorePublicAcls": true,
          "RestrictPublicBuckets": true,
        },
        "VersioningConfiguration": Object {
          "Status": "Enabled",
        },
      },
      "Type": "AWS::S3::Bucket",
      "UpdateReplacePolicy": "Retain",
    },
    "tests3stepfunctionS3LoggingBucketPolicyDB3C84EB": Object {
      "Properties": Object {
        "Bucket": Object {
          "Ref": "tests3stepfunctionS3LoggingBucketF58651AD",
        },
        "PolicyDocument": Object {
          "Statement": Array [
            Object {
              "Action": "*",
              "Condition": Object {
                "Bool": Object {
                  "aws:SecureTransport": "false",
                },
              },
              "Effect": "Deny",
              "Principal": Object {
                "AWS": "*",
              },
              "Resource": Array [
                Object {
                  "Fn::Join": Array [
                    "",
                    Array [
                      Object {
                        "Fn::GetAtt": Array [
                          "tests3stepfunctionS3LoggingBucketF58651AD",
                          "Arn",
                        ],
                      },
                      "/*",
                    ],
                  ],
                },
                Object {
                  "Fn::GetAtt": Array [
                    "tests3stepfunctionS3LoggingBucketF58651AD",
                    "Arn",
                  ],
                },
              ],
              "Sid": "HttpsOnly",
            },
          ],
          "Version": "2012-10-17",
        },
      },
      "Type": "AWS::S3::BucketPolicy",
    },
    "tests3stepfunctiontests3stepfunctioneventrulestepfunctionconstructtests3stepfunctioneventrulestepfunctionconstructwrappedEventsRuleA2B91D27": Object {
      "Properties": Object {
        "EventPattern": Object {
          "detail": Object {
            "eventName": Array [
              "PutObject",
              "CopyObject",
              "CompleteMultipartUpload",
            ],
            "eventSource": Array [
              "s3.amazonaws.com",
            ],
            "requestParameters": Object {
              "bucketName": Array [
                Object {
                  "Ref": "tests3stepfunctionS3Bucket57D6600C",
                },
              ],
            },
          },
          "detail-type": Array [
            "AWS API Call via CloudTrail",
          ],
          "source": Array [
            "aws.s3",
          ],
        },
        "State": "ENABLED",
        "Targets": Array [
          Object {
            "Arn": Object {
              "Ref": "tests3stepfunctiontests3stepfunctioneventrulestepfunctionconstructtests3stepfunctioneventrulestepfunctionconstructwrappedStateMachineF3747B34",
            },
            "Id": "Target0",
            "RoleArn": Object {
              "Fn::GetAtt": Array [
                "tests3stepfunctiontests3stepfunctioneventrulestepfunctionconstructtests3stepfunctioneventrulestepfunctionconstructwrappedEventsRuleRole489F0EEF",
                "Arn",
              ],
            },
          },
        ],
      },
      "Type": "AWS::Events::Rule",
    },
    "tests3stepfunctiontests3stepfunctioneventrulestepfunctionconstructtests3stepfunctioneventrulestepfunctionconstructwrappedEventsRuleRole489F0EEF": Object {
      "Properties": Object {
        "AssumeRolePolicyDocument": Object {
          "Statement": Array [
            Object {
              "Action": "sts:AssumeRole",
              "Effect": "Allow",
              "Principal": Object {
                "Service": "events.amazonaws.com",
              },
            },
          ],
          "Version": "2012-10-17",
        },
      },
      "Type": "AWS::IAM::Role",
    },
    "tests3stepfunctiontests3stepfunctioneventrulestepfunctionconstructtests3stepfunctioneventrulestepfunctionconstructwrappedEventsRuleRoleDefaultPolicy23C69308": Object {
      "Properties": Object {
        "PolicyDocument": Object {
          "Statement": Array [
            Object {
              "Action": "states:StartExecution",
              "Effect": "Allow",
              "Resource": Object {
                "Ref": "tests3stepfunctiontests3stepfunctioneventrulestepfunctionconstructtests3stepfunctioneventrulestepfunctionconstructwrappedStateMachineF3747B34",
              },
            },
          ],
          "Version": "2012-10-17",
        },
        "PolicyName": "functioneventrulestepfunctionconstructtests3stepfunctioneventrulestepfunctionconstructwrappedEventsRuleRoleDefaultPolicy23C69308",
        "Roles": Array [
          Object {
            "Ref": "tests3stepfunctiontests3stepfunctioneventrulestepfunctionconstructtests3stepfunctioneventrulestepfunctionconstructwrappedEventsRuleRole489F0EEF",
          },
        ],
      },
      "Type": "AWS::IAM::Policy",
    },
    "tests3stepfunctiontests3stepfunctioneventrulestepfunctionconstructtests3stepfunctioneventrulestepfunctionconstructwrappedExecutionAbortedAlarm4FA64E9D": Object {
      "Properties": Object {
        "AlarmDescription": "Alarm for the number of executions that aborted exceeded the threshold of 1. ",
        "ComparisonOperator": "GreaterThanOrEqualToThreshold",
        "Dimensions": Array [
          Object {
            "Name": "StateMachineArn",
            "Value": Object {
              "Ref": "tests3stepfunctiontests3stepfunctioneventrulestepfunctionconstructtests3stepfunctioneventrulestepfunctionconstructwrappedStateMachineF3747B34",
            },
          },
        ],
        "EvaluationPeriods": 1,
        "MetricName": "ExecutionsAborted",
        "Namespace": "AWS/States",
        "Period": 300,
        "Statistic": "Maximum",
        "Threshold": 1,
      },
      "Type": "AWS::CloudWatch::Alarm",
    },
    "tests3stepfunctiontests3stepfunctioneventrulestepfunctionconstructtests3stepfunctioneventrulestepfunctionconstructwrappedExecutionFailedAlarm12E1ED40": Object {
      "Properties": Object {
        "AlarmDescription": "Alarm for the number of executions that failed exceeded the threshold of 1. ",
        "ComparisonOperator": "GreaterThanOrEqualToThreshold",
        "Dimensions": Array [
          Object {
            "Name": "StateMachineArn",
            "Value": Object {
              "Ref": "tests3stepfunctiontests3stepfunctioneventrulestepfunctionconstructtests3stepfunctioneventrulestepfunctionconstructwrappedStateMachineF3747B34",
            },
          },
        ],
        "EvaluationPeriods": 1,
        "MetricName": "ExecutionsFailed",
        "Namespace": "AWS/States",
        "Period": 300,
        "Statistic": "Sum",
        "Threshold": 1,
      },
      "Type": "AWS::CloudWatch::Alarm",
    },
    "tests3stepfunctiontests3stepfunctioneventrulestepfunctionconstructtests3stepfunctioneventrulestepfunctionconstructwrappedExecutionThrottledAlarm2AB618CD": Object {
      "Properties": Object {
        "AlarmDescription": "Alarm for the number of executions that throttled exceeded the threshold of 1. ",
        "ComparisonOperator": "GreaterThanOrEqualToThreshold",
        "Dimensions": Array [
          Object {
            "Name": "StateMachineArn",
            "Value": Object {
              "Ref": "tests3stepfunctiontests3stepfunctioneventrulestepfunctionconstructtests3stepfunctioneventrulestepfunctionconstructwrappedStateMachineF3747B34",
            },
          },
        ],
        "EvaluationPeriods": 1,
        "MetricName": "ExecutionThrottled",
        "Namespace": "AWS/States",
        "Period": 300,
        "Statistic": "Sum",
        "Threshold": 1,
      },
      "Type": "AWS::CloudWatch::Alarm",
    },
    "tests3stepfunctiontests3stepfunctioneventrulestepfunctionconstructtests3stepfunctioneventrulestepfunctionconstructwrappedStateMachineF3747B34": Object {
      "DependsOn": Array [
        "tests3stepfunctiontests3stepfunctioneventrulestepfunctionconstructtests3stepfunctioneventrulestepfunctionconstructwrappedStateMachineRoleDefaultPolicyFD18C388",
        "tests3stepfunctiontests3stepfunctioneventrulestepfunctionconstructtests3stepfunctioneventrulestepfunctionconstructwrappedStateMachineRole9C32ACF4",
      ],
      "Properties": Object {
        "DefinitionString": "{\\"StartAt\\":\\"StartState\\",\\"States\\":{\\"StartState\\":{\\"Type\\":\\"Pass\\",\\"End\\":true}}}",
        "LoggingConfiguration": Object {
          "Destinations": Array [
            Object {
              "CloudWatchLogsLogGroup": Object {
                "LogGroupArn": Object {
                  "Fn::GetAtt": Array [
                    "tests3stepfunctiontests3stepfunctioneventrulestepfunctionconstructtests3stepfunctioneventrulestepfunctionconstructwrappedStateMachineLogGroup3F7FB533",
                    "Arn",
                  ],
                },
              },
            },
          ],
          "Level": "ERROR",
        },
        "RoleArn": Object {
          "Fn::GetAtt": Array [
            "tests3stepfunctiontests3stepfunctioneventrulestepfunctionconstructtests3stepfunctioneventrulestepfunctionconstructwrappedStateMachineRole9C32ACF4",
            "Arn",
          ],
        },
      },
      "Type": "AWS::StepFunctions::StateMachine",
    },
    "tests3stepfunctiontests3stepfunctioneventrulestepfunctionconstructtests3stepfunctioneventrulestepfunctionconstructwrappedStateMachineLogGroup3F7FB533": Object {
      "DeletionPolicy": "Retain",
      "Metadata": Object {
        "cfn_nag": Object {
          "rules_to_suppress": Array [
            Object {
              "id": "W86",
              "reason": "Retention period for CloudWatchLogs LogGroups are set to 'Never Expire' to preserve customer data indefinitely",
            },
            Object {
              "id": "W84",
              "reason": "By default CloudWatchLogs LogGroups data is encrypted using the CloudWatch server-side encryption keys (AWS Managed Keys)",
            },
          ],
        },
      },
      "Properties": Object {
        "LogGroupName": "/aws/vendedlogs/states/defaulttests3stepfunctioneventrulestepfunctionconstructwrappedstatemachinelogb5c0ee273ed1",
      },
      "Type": "AWS::Logs::LogGroup",
      "UpdateReplacePolicy": "Retain",
    },
    "tests3stepfunctiontests3stepfunctioneventrulestepfunctionconstructtests3stepfunctioneventrulestepfunctionconstructwrappedStateMachineRole9C32ACF4": Object {
      "Properties": Object {
        "AssumeRolePolicyDocument": Object {
          "Statement": Array [
            Object {
              "Action": "sts:AssumeRole",
              "Effect": "Allow",
              "Principal": Object {
                "Service": Object {
                  "Fn::Join": Array [
                    "",
                    Array [
                      "states.",
                      Object {
                        "Ref": "AWS::Region",
                      },
                      ".amazonaws.com",
                    ],
                  ],
                },
              },
            },
          ],
          "Version": "2012-10-17",
        },
      },
      "Type": "AWS::IAM::Role",
    },
    "tests3stepfunctiontests3stepfunctioneventrulestepfunctionconstructtests3stepfunctioneventrulestepfunctionconstructwrappedStateMachineRoleDefaultPolicyFD18C388": Object {
      "Metadata": Object {
        "cfn_nag": Object {
          "rules_to_suppress": Array [
            Object {
              "id": "W12",
              "reason": "The 'LogDelivery' actions do not support resource-level authorizations",
            },
          ],
        },
      },
      "Properties": Object {
        "PolicyDocument": Object {
          "Statement": Array [
            Object {
              "Action": Array [
                "logs:CreateLogDelivery",
                "logs:GetLogDelivery",
                "logs:UpdateLogDelivery",
                "logs:DeleteLogDelivery",
                "logs:ListLogDeliveries",
              ],
              "Effect": "Allow",
              "Resource": "*",
            },
            Object {
              "Action": Array [
                "logs:PutResourcePolicy",
                "logs:DescribeResourcePolicies",
                "logs:DescribeLogGroups",
              ],
              "Effect": "Allow",
              "Resource": Object {
                "Fn::Join": Array [
                  "",
                  Array [
                    "arn:",
                    Object {
                      "Ref": "AWS::Partition",
                    },
                    ":logs:",
                    Object {
                      "Ref": "AWS::Region",
                    },
                    ":",
                    Object {
                      "Ref": "AWS::AccountId",
                    },
                    ":*",
                  ],
                ],
              },
            },
          ],
          "Version": "2012-10-17",
        },
        "PolicyName": "nctioneventrulestepfunctionconstructtests3stepfunctioneventrulestepfunctionconstructwrappedStateMachineRoleDefaultPolicyFD18C388",
        "Roles": Array [
          Object {
            "Ref": "tests3stepfunctiontests3stepfunctioneventrulestepfunctionconstructtests3stepfunctioneventrulestepfunctionconstructwrappedStateMachineRole9C32ACF4",
          },
        ],
      },
      "Type": "AWS::IAM::Policy",
    },
  },
}
`;
