{
  "Description": "Integration Test for aws-kinesisstream-gluejob",
  "Resources": {
    "JobRole014917C6": {
      "Type": "AWS::IAM::Role",
      "Properties": {
        "AssumeRolePolicyDocument": {
          "Statement": [
            {
              "Action": "sts:AssumeRole",
              "Effect": "Allow",
              "Principal": {
                "Service": "glue.amazonaws.com"
              }
            }
          ],
          "Version": "2012-10-17"
        },
        "Description": "Service role that Glue custom ETL jobs will assume for exeuction"
      }
    },
    "JobRoleDefaultPolicy5DE0D8F9": {
      "Type": "AWS::IAM::Policy",
      "Properties": {
        "PolicyDocument": {
          "Statement": [
            {
              "Action": [
                "s3:GetObject*",
                "s3:GetBucket*",
                "s3:List*"
              ],
              "Effect": "Allow",
              "Resource": [
                {
                  "Fn::Join": [
                    "",
                    [
                      "arn:",
                      {
                        "Ref": "AWS::Partition"
                      },
                      ":s3:::",
                      {
                        "Ref": "AssetParameters13d7b7f7fba24472b473a111e804308f745de51605e9730c69700262c57303acS3BucketCCACFC1B"
                      }
                    ]
                  ]
                },
                {
                  "Fn::Join": [
                    "",
                    [
                      "arn:",
                      {
                        "Ref": "AWS::Partition"
                      },
                      ":s3:::",
                      {
                        "Ref": "AssetParameters13d7b7f7fba24472b473a111e804308f745de51605e9730c69700262c57303acS3BucketCCACFC1B"
                      },
                      "/*"
                    ]
                  ]
                }
              ]
            }
          ],
          "Version": "2012-10-17"
        },
        "PolicyName": "JobRoleDefaultPolicy5DE0D8F9",
        "Roles": [
          {
            "Ref": "JobRole014917C6"
          }
        ]
      }
    },
    "testkinesisstreamslambdaKinesisStream374D6D56": {
      "Type": "AWS::Kinesis::Stream",
      "Properties": {
        "ShardCount": 1,
        "RetentionPeriodHours": 24,
        "StreamEncryption": {
          "EncryptionType": "KMS",
          "KeyId": "alias/aws/kinesis"
        }
      }
    },
    "testkinesisstreamslambdaLogPolicy5FB58427": {
      "Type": "AWS::IAM::Policy",
      "Properties": {
        "PolicyDocument": {
          "Statement": [
            {
              "Action": [
                "logs:CreateLogGroup",
                "logs:CreateLogStream",
                "logs:PutLogEvents"
              ],
              "Effect": "Allow",
              "Resource": {
                "Fn::Join": [
                  "",
                  [
                    "arn:",
                    {
                      "Ref": "AWS::Partition"
                    },
                    ":logs:",
                    {
                      "Ref": "AWS::Region"
                    },
                    ":",
                    {
                      "Ref": "AWS::AccountId"
                    },
                    ":log-group:/aws-glue/*"
                  ]
                ]
              }
            }
          ],
          "Version": "2012-10-17"
        },
        "PolicyName": "testkinesisstreamslambdaLogPolicy5FB58427",
        "Roles": [
          {
            "Fn::Select": [
              1,
              {
                "Fn::Split": [
                  "/",
                  {
                    "Fn::Select": [
                      5,
                      {
                        "Fn::Split": [
                          ":",
                          {
                            "Fn::GetAtt": [
                              "JobRole014917C6",
                              "Arn"
                            ]
                          }
                        ]
                      }
                    ]
                  }
                ]
              }
            ]
          }
        ]
      }
    },
    "testkinesisstreamslambdaETLJob44B50676": {
      "Type": "AWS::Glue::Job",
      "Properties": {
        "Command": {
          "Name": "pythonshell",
          "PythonVersion": "3",
          "ScriptLocation": {
            "Fn::Join": [
              "",
              [
                "s3://",
                {
                  "Ref": "AssetParameters13d7b7f7fba24472b473a111e804308f745de51605e9730c69700262c57303acS3BucketCCACFC1B"
                },
                "/",
                {
                  "Fn::Select": [
                    0,
                    {
                      "Fn::Split": [
                        "||",
                        {
                          "Ref": "AssetParameters13d7b7f7fba24472b473a111e804308f745de51605e9730c69700262c57303acS3VersionKey753DB1DE"
                        }
                      ]
                    }
                  ]
                },
                {
                  "Fn::Select": [
                    1,
                    {
                      "Fn::Split": [
                        "||",
                        {
                          "Ref": "AssetParameters13d7b7f7fba24472b473a111e804308f745de51605e9730c69700262c57303acS3VersionKey753DB1DE"
                        }
                      ]
                    }
                  ]
                }
              ]
            ]
          }
        },
        "Role": {
          "Fn::GetAtt": [
            "JobRole014917C6",
            "Arn"
          ]
        },
        "SecurityConfiguration": "testSecConfig"
      }
    },
    "GlueDatabase": {
      "Type": "AWS::Glue::Database",
      "Properties": {
        "CatalogId": {
          "Ref": "AWS::AccountId"
        },
        "DatabaseInput": {
          "Description": "A Glue database table"
        }
      }
    },
    "GlueTable": {
      "Type": "AWS::Glue::Table",
      "Properties": {
        "CatalogId": {
          "Ref": "AWS::AccountId"
        },
        "DatabaseName": {
          "Ref": "GlueDatabase"
        },
        "TableInput": {
          "Parameters": {
            "classication": "json"
          },
          "StorageDescriptor": {
            "Columns": [
              {
                "Comment": "Identifier for the record",
                "Name": "id",
                "Type": "int"
              },
              {
                "Comment": "The name of the record",
                "Name": "name",
                "Type": "string"
              },
              {
                "Comment": "The type of the record",
                "Name": "type",
                "Type": "string"
              },
              {
                "Comment": "Some value associated with the record",
                "Name": "numericvalue",
                "Type": "int"
              }
            ],
            "Compressed": false,
            "InputFormat": "org.apache.hadoop.mapred.TextInputFormat",
            "Location": {
              "Ref": "testkinesisstreamslambdaKinesisStream374D6D56"
            },
            "NumberOfBuckets": -1,
            "OutputFormat": "org.apache.hadoop.hive.ql.io.HiveIgnoreKeyTextOutputFormat",
            "Parameters": {
              "endpointUrl": {
                "Fn::Join": [
                  "",
                  [
                    "https://kinesis.",
                    {
                      "Ref": "AWS::Region"
                    },
                    ".amazonaws.com"
                  ]
                ]
              },
              "streamName": {
                "Ref": "testkinesisstreamslambdaKinesisStream374D6D56"
              },
              "typeOfData": "kinesis"
            },
            "SerdeInfo": {
              "Parameters": {
                "paths": "."
              },
              "SerializationLibrary": "org.openx.data.jsonserde.JsonSerDe"
            }
          },
          "TableType": "EXTERNAL_TABLE"
        }
      }
    },
    "GlueJobRolePolicy422D4F2E": {
      "Type": "AWS::IAM::Policy",
      "Properties": {
        "PolicyDocument": {
          "Statement": [
            {
              "Action": [
                "kinesis:DescribeStreamSummary",
                "kinesis:GetRecords",
                "kinesis:GetShardIterator",
                "kinesis:ListShards",
                "kinesis:SubscribeToShard"
              ],
              "Effect": "Allow",
              "Resource": {
                "Fn::GetAtt": [
                  "testkinesisstreamslambdaKinesisStream374D6D56",
                  "Arn"
                ]
              }
            }
          ],
          "Version": "2012-10-17"
        },
        "PolicyName": "GlueJobRolePolicy422D4F2E",
        "Roles": [
          {
            "Fn::Select": [
              1,
              {
                "Fn::Split": [
                  "/",
                  {
                    "Fn::Select": [
                      5,
                      {
                        "Fn::Split": [
                          ":",
                          {
                            "Fn::GetAtt": [
                              "JobRole014917C6",
                              "Arn"
                            ]
                          }
                        ]
                      }
                    ]
                  }
                ]
              }
            ]
          }
        ]
      }
    },
    "GlueJobPolicyAEA4B94E": {
      "Type": "AWS::IAM::Policy",
      "Properties": {
        "PolicyDocument": {
          "Statement": [
            {
              "Action": "glue:GetJob",
              "Effect": "Allow",
              "Resource": {
                "Fn::Join": [
                  "",
                  [
                    "arn:",
                    {
                      "Ref": "AWS::Partition"
                    },
                    ":glue:",
                    {
                      "Ref": "AWS::Region"
                    },
                    ":",
                    {
                      "Ref": "AWS::AccountId"
                    },
                    ":job/",
                    {
                      "Ref": "testkinesisstreamslambdaETLJob44B50676"
                    }
                  ]
                ]
              }
            },
            {
              "Action": "glue:GetSecurityConfiguration",
              "Effect": "Allow",
              "Resource": "*"
            },
            {
              "Action": "glue:GetTable",
              "Effect": "Allow",
              "Resource": [
                {
                  "Fn::Join": [
                    "",
                    [
                      "arn:",
                      {
                        "Ref": "AWS::Partition"
                      },
                      ":glue:",
                      {
                        "Ref": "AWS::Region"
                      },
                      ":",
                      {
                        "Ref": "AWS::AccountId"
                      },
                      ":table/",
                      {
                        "Ref": "GlueDatabase"
                      },
                      "/",
                      {
                        "Ref": "GlueTable"
                      }
                    ]
                  ]
                },
                {
                  "Fn::Join": [
                    "",
                    [
                      "arn:",
                      {
                        "Ref": "AWS::Partition"
                      },
                      ":glue:",
                      {
                        "Ref": "AWS::Region"
                      },
                      ":",
                      {
                        "Ref": "AWS::AccountId"
                      },
                      ":database/",
                      {
                        "Ref": "GlueDatabase"
                      }
                    ]
                  ]
                },
                {
                  "Fn::Join": [
                    "",
                    [
                      "arn:",
                      {
                        "Ref": "AWS::Partition"
                      },
                      ":glue:",
                      {
                        "Ref": "AWS::Region"
                      },
                      ":",
                      {
                        "Ref": "AWS::AccountId"
                      },
                      ":catalog"
                    ]
                  ]
                }
              ]
            }
          ],
          "Version": "2012-10-17"
        },
        "PolicyName": "GlueJobPolicyAEA4B94E",
        "Roles": [
          {
            "Fn::Select": [
              1,
              {
                "Fn::Split": [
                  "/",
                  {
                    "Fn::Select": [
                      5,
                      {
                        "Fn::Split": [
                          ":",
                          {
                            "Fn::GetAtt": [
                              "JobRole014917C6",
                              "Arn"
                            ]
                          }
                        ]
                      }
                    ]
                  }
                ]
              }
            ]
          }
        ]
      }
    }
  },
  "Parameters": {
    "AssetParameters13d7b7f7fba24472b473a111e804308f745de51605e9730c69700262c57303acS3BucketCCACFC1B": {
      "Type": "String",
      "Description": "S3 bucket for asset \"13d7b7f7fba24472b473a111e804308f745de51605e9730c69700262c57303ac\""
    },
    "AssetParameters13d7b7f7fba24472b473a111e804308f745de51605e9730c69700262c57303acS3VersionKey753DB1DE": {
      "Type": "String",
      "Description": "S3 key for asset version \"13d7b7f7fba24472b473a111e804308f745de51605e9730c69700262c57303ac\""
    },
    "AssetParameters13d7b7f7fba24472b473a111e804308f745de51605e9730c69700262c57303acArtifactHash2A1C2D40": {
      "Type": "String",
      "Description": "Artifact hash for asset \"13d7b7f7fba24472b473a111e804308f745de51605e9730c69700262c57303ac\""
    }
  },
  "Outputs": {
    "ScriptLocation": {
      "Value": {
        "Fn::Join": [
          "",
          [
            "s3://",
            {
              "Ref": "AssetParameters13d7b7f7fba24472b473a111e804308f745de51605e9730c69700262c57303acS3BucketCCACFC1B"
            },
            "/",
            {
              "Fn::Select": [
                0,
                {
                  "Fn::Split": [
                    "||",
                    {
                      "Ref": "AssetParameters13d7b7f7fba24472b473a111e804308f745de51605e9730c69700262c57303acS3VersionKey753DB1DE"
                    }
                  ]
                }
              ]
            },
            {
              "Fn::Select": [
                1,
                {
                  "Fn::Split": [
                    "||",
                    {
                      "Ref": "AssetParameters13d7b7f7fba24472b473a111e804308f745de51605e9730c69700262c57303acS3VersionKey753DB1DE"
                    }
                  ]
                }
              ]
            }
          ]
        ]
      }
    }
  }
}