{
  "Description": "Integration Test for aws-kinesisstream-gluejob",
  "Resources": {
    "existingScriptLocation845F3C51": {
      "Type": "AWS::S3::Bucket",
      "Properties": {
        "LifecycleConfiguration": {
          "Rules": [
            {
              "ExpirationInDays": 30,
              "Status": "Enabled"
            }
          ]
        }
      },
      "UpdateReplacePolicy": "Retain",
      "DeletionPolicy": "Retain"
    },
    "JobRole014917C6": {
      "Type": "AWS::IAM::Role",
      "Properties": {
        "AssumeRolePolicyDocument": {
          "Statement": [
            {
              "Action": "sts:AssumeRole",
              "Effect": "Allow",
              "Principal": {
                "Service": "glue.amazonaws.com"
              }
            }
          ],
          "Version": "2012-10-17"
        }
      }
    },
    "ExistingJob": {
      "Type": "AWS::Glue::Job",
      "Properties": {
        "Command": {
          "Name": "existingJobName",
          "PythonVersion": "3",
          "ScriptLocation": {
            "Fn::GetAtt": [
              "existingScriptLocation845F3C51",
              "Arn"
            ]
          }
        },
        "Role": {
          "Fn::GetAtt": [
            "JobRole014917C6",
            "Arn"
          ]
        }
      }
    },
    "testkinesisstreamslambdaKinesisStream374D6D56": {
      "Type": "AWS::Kinesis::Stream",
      "Properties": {
        "ShardCount": 1,
        "RetentionPeriodHours": 24,
        "StreamEncryption": {
          "EncryptionType": "KMS",
          "KeyId": "alias/aws/kinesis"
        }
      }
    },
    "GlueJobRolePolicy422D4F2E": {
      "Type": "AWS::IAM::Policy",
      "Properties": {
        "PolicyDocument": {
          "Statement": [
            {
              "Action": [
                "kinesis:DescribeStreamSummary",
                "kinesis:GetRecords",
                "kinesis:GetShardIterator",
                "kinesis:ListShards",
                "kinesis:SubscribeToShard"
              ],
              "Effect": "Allow",
              "Resource": {
                "Fn::GetAtt": [
                  "testkinesisstreamslambdaKinesisStream374D6D56",
                  "Arn"
                ]
              }
            }
          ],
          "Version": "2012-10-17"
        },
        "PolicyName": "GlueJobRolePolicy422D4F2E",
        "Roles": [
          {
            "Fn::Select": [
              1,
              {
                "Fn::Split": [
                  "/",
                  {
                    "Fn::Select": [
                      5,
                      {
                        "Fn::Split": [
                          ":",
                          {
                            "Fn::GetAtt": [
                              "JobRole014917C6",
                              "Arn"
                            ]
                          }
                        ]
                      }
                    ]
                  }
                ]
              }
            ]
          }
        ]
      }
    },
    "GlueJobPolicyAEA4B94E": {
      "Type": "AWS::IAM::Policy",
      "Properties": {
        "PolicyDocument": {
          "Statement": [
            {
              "Action": "glue:GetJob",
              "Effect": "Allow",
              "Resource": {
                "Fn::Join": [
                  "",
                  [
                    "arn:",
                    {
                      "Ref": "AWS::Partition"
                    },
                    ":glue:",
                    {
                      "Ref": "AWS::Region"
                    },
                    ":",
                    {
                      "Ref": "AWS::AccountId"
                    },
                    ":job/",
                    {
                      "Ref": "ExistingJob"
                    }
                  ]
                ]
              }
            }
          ],
          "Version": "2012-10-17"
        },
        "PolicyName": "GlueJobPolicyAEA4B94E",
        "Roles": [
          {
            "Fn::Select": [
              1,
              {
                "Fn::Split": [
                  "/",
                  {
                    "Fn::Select": [
                      5,
                      {
                        "Fn::Split": [
                          ":",
                          {
                            "Fn::GetAtt": [
                              "JobRole014917C6",
                              "Arn"
                            ]
                          }
                        ]
                      }
                    ]
                  }
                ]
              }
            ]
          }
        ]
      }
    }
  }
}