// Jest Snapshot v1, https://goo.gl/fbAQLP

exports[`cw log group with default params 1`] = `
Object {
  "Resources": Object {
    "testcwlogsdefault5C05821C": Object {
      "DeletionPolicy": "Retain",
      "Type": "AWS::Logs::LogGroup",
      "UpdateReplacePolicy": "Retain",
    },
  },
}
`;

exports[`cw log group with log group name 1`] = `
Object {
  "Resources": Object {
    "testcwlogsdefault5C05821C": Object {
      "DeletionPolicy": "Retain",
      "Type": "AWS::Logs::LogGroup",
      "UpdateReplacePolicy": "Retain",
    },
  },
}
`;
