{
  "Description": "Integration Test for sample application that uses aws-kineisstream-glue-job construct",
  "Resources": {
    "JobRole014917C6": {
      "Type": "AWS::IAM::Role",
      "Properties": {
        "AssumeRolePolicyDocument": {
          "Statement": [
            {
              "Action": "sts:AssumeRole",
              "Effect": "Allow",
              "Principal": {
                "Service": "glue.amazonaws.com"
              }
            }
          ],
          "Version": "2012-10-17"
        },
        "Description": "Service role that Glue custom ETL jobs will assume for exeuction"
      }
    },
    "JobRoleDefaultPolicy5DE0D8F9": {
      "Type": "AWS::IAM::Policy",
      "Properties": {
        "PolicyDocument": {
          "Statement": [
            {
              "Action": [
                "s3:GetObject*",
                "s3:GetBucket*",
                "s3:List*",
                "s3:DeleteObject*",
                "s3:PutObject*",
                "s3:Abort*"
              ],
              "Effect": "Allow",
              "Resource": [
                {
                  "Fn::GetAtt": [
                    "S3Bucket07682993",
                    "Arn"
                  ]
                },
                {
                  "Fn::Join": [
                    "",
                    [
                      {
                        "Fn::GetAtt": [
                          "S3Bucket07682993",
                          "Arn"
                        ]
                      },
                      "/*"
                    ]
                  ]
                }
              ]
            },
            {
              "Action": [
                "s3:GetObject*",
                "s3:GetBucket*",
                "s3:List*"
              ],
              "Effect": "Allow",
              "Resource": [
                {
                  "Fn::Join": [
                    "",
                    [
                      "arn:",
                      {
                        "Ref": "AWS::Partition"
                      },
                      ":s3:::",
                      {
                        "Ref": "AssetParametersd4dd6643ee852c9578ae2d36cf2dc8a48630fd2219a15e74502c7ea75bff70c4S3Bucket96760533"
                      }
                    ]
                  ]
                },
                {
                  "Fn::Join": [
                    "",
                    [
                      "arn:",
                      {
                        "Ref": "AWS::Partition"
                      },
                      ":s3:::",
                      {
                        "Ref": "AssetParametersd4dd6643ee852c9578ae2d36cf2dc8a48630fd2219a15e74502c7ea75bff70c4S3Bucket96760533"
                      },
                      "/*"
                    ]
                  ]
                }
              ]
            }
          ],
          "Version": "2012-10-17"
        },
        "PolicyName": "JobRoleDefaultPolicy5DE0D8F9",
        "Roles": [
          {
            "Ref": "JobRole014917C6"
          }
        ]
      }
    },
    "S3LoggingBucket800A2B27": {
      "Type": "AWS::S3::Bucket",
      "Properties": {
        "AccessControl": "LogDeliveryWrite",
        "BucketEncryption": {
          "ServerSideEncryptionConfiguration": [
            {
              "ServerSideEncryptionByDefault": {
                "SSEAlgorithm": "AES256"
              }
            }
          ]
        },
        "PublicAccessBlockConfiguration": {
          "BlockPublicAcls": true,
          "BlockPublicPolicy": true,
          "IgnorePublicAcls": true,
          "RestrictPublicBuckets": true
        }
      },
      "UpdateReplacePolicy": "Retain",
      "DeletionPolicy": "Retain",
      "Metadata": {
        "cfn_nag": {
          "rules_to_suppress": [
            {
              "id": "W35",
              "reason": "This S3 bucket is used as the access logging bucket for another bucket"
            }
          ]
        }
      }
    },
    "S3LoggingBucketPolicy6B3AA8AF": {
      "Type": "AWS::S3::BucketPolicy",
      "Properties": {
        "Bucket": {
          "Ref": "S3LoggingBucket800A2B27"
        },
        "PolicyDocument": {
          "Statement": [
            {
              "Action": "*",
              "Condition": {
                "Bool": {
                  "aws:SecureTransport": "false"
                }
              },
              "Effect": "Deny",
              "Principal": "*",
              "Resource": {
                "Fn::Join": [
                  "",
                  [
                    {
                      "Fn::GetAtt": [
                        "S3LoggingBucket800A2B27",
                        "Arn"
                      ]
                    },
                    "/*"
                  ]
                ]
              },
              "Sid": "HttpsOnly"
            }
          ],
          "Version": "2012-10-17"
        }
      }
    },
    "S3Bucket07682993": {
      "Type": "AWS::S3::Bucket",
      "Properties": {
        "BucketEncryption": {
          "ServerSideEncryptionConfiguration": [
            {
              "ServerSideEncryptionByDefault": {
                "SSEAlgorithm": "AES256"
              }
            }
          ]
        },
        "LifecycleConfiguration": {
          "Rules": [
            {
              "NoncurrentVersionTransitions": [
                {
                  "StorageClass": "GLACIER",
                  "TransitionInDays": 90
                }
              ],
              "Status": "Enabled"
            }
          ]
        },
        "LoggingConfiguration": {
          "DestinationBucketName": {
            "Ref": "S3LoggingBucket800A2B27"
          }
        },
        "PublicAccessBlockConfiguration": {
          "BlockPublicAcls": true,
          "BlockPublicPolicy": true,
          "IgnorePublicAcls": true,
          "RestrictPublicBuckets": true
        },
        "VersioningConfiguration": {
          "Status": "Enabled"
        }
      },
      "UpdateReplacePolicy": "Retain",
      "DeletionPolicy": "Retain"
    },
    "S3BucketPolicyF560589A": {
      "Type": "AWS::S3::BucketPolicy",
      "Properties": {
        "Bucket": {
          "Ref": "S3Bucket07682993"
        },
        "PolicyDocument": {
          "Statement": [
            {
              "Action": "*",
              "Condition": {
                "Bool": {
                  "aws:SecureTransport": "false"
                }
              },
              "Effect": "Deny",
              "Principal": "*",
              "Resource": {
                "Fn::Join": [
                  "",
                  [
                    {
                      "Fn::GetAtt": [
                        "S3Bucket07682993",
                        "Arn"
                      ]
                    },
                    "/*"
                  ]
                ]
              },
              "Sid": "HttpsOnly"
            }
          ],
          "Version": "2012-10-17"
        }
      }
    },
    "KinesisStream46752A3E": {
      "Type": "AWS::Kinesis::Stream",
      "Properties": {
        "ShardCount": 1,
        "RetentionPeriodHours": 24,
        "StreamEncryption": {
          "EncryptionType": "KMS",
          "KeyId": "alias/aws/kinesis"
        }
      }
    },
    "GlueDatabase": {
      "Type": "AWS::Glue::Database",
      "Properties": {
        "CatalogId": {
          "Ref": "AWS::AccountId"
        },
        "DatabaseInput": {
          "Description": "A Glue database table"
        }
      }
    },
    "GlueTable": {
      "Type": "AWS::Glue::Table",
      "Properties": {
        "CatalogId": {
          "Ref": "AWS::AccountId"
        },
        "DatabaseName": {
          "Ref": "GlueDatabase"
        },
        "TableInput": {
          "Parameters": {
            "classication": "json"
          },
          "StorageDescriptor": {
            "Columns": [
              {
                "Comment": "",
                "Name": "ventilatorid",
                "Type": "int"
              },
              {
                "Comment": "",
                "Name": "eventtime",
                "Type": "string"
              },
              {
                "Comment": "",
                "Name": "serialnumber",
                "Type": "string"
              },
              {
                "Comment": "",
                "Name": "pressurecontrol",
                "Type": "int"
              },
              {
                "Comment": "",
                "Name": "o2stats",
                "Type": "int"
              },
              {
                "Comment": "",
                "Name": "minutevolume",
                "Type": "int"
              },
              {
                "Comment": "",
                "Name": "manufacturer",
                "Type": "string"
              }
            ],
            "Compressed": false,
            "InputFormat": "org.apache.hadoop.mapred.TextInputFormat",
            "Location": {
              "Ref": "KinesisStream46752A3E"
            },
            "NumberOfBuckets": -1,
            "OutputFormat": "org.apache.hadoop.hive.ql.io.HiveIgnoreKeyTextOutputFormat",
            "Parameters": {
              "endpointUrl": {
                "Fn::Join": [
                  "",
                  [
                    "https://kinesis.",
                    {
                      "Ref": "AWS::Region"
                    },
                    ".amazonaws.com"
                  ]
                ]
              },
              "streamName": {
                "Ref": "KinesisStream46752A3E"
              },
              "typeOfData": "kinesis"
            },
            "SerdeInfo": {
              "Parameters": {
                "paths": "ventilatorid,eventtime,serialnumber,pressurecontrol,o2stats,minutevolume,manufacturer"
              },
              "SerializationLibrary": "org.openx.data.jsonserde.JsonSerDe"
            }
          },
          "TableType": "EXTERNAL_TABLE"
        }
      }
    },
    "CustomETLGlueSecurityConfigDFE12B1C": {
      "Type": "AWS::Glue::SecurityConfiguration",
      "Properties": {
        "EncryptionConfiguration": {
          "JobBookmarksEncryption": {
            "JobBookmarksEncryptionMode": "CSE-KMS",
            "KmsKeyArn": {
              "Fn::Join": [
                "",
                [
                  "arn:",
                  {
                    "Ref": "AWS::Partition"
                  },
                  ":kms:",
                  {
                    "Ref": "AWS::Region"
                  },
                  ":",
                  {
                    "Ref": "AWS::AccountId"
                  },
                  ":alias/aws/glue"
                ]
              ]
            }
          },
          "S3Encryptions": [
            {
              "S3EncryptionMode": "SSE-S3"
            }
          ]
        },
        "Name": "ETLJobSecurityConfig"
      }
    },
    "CustomETLLogPolicyA74138E8": {
      "Type": "AWS::IAM::Policy",
      "Properties": {
        "PolicyDocument": {
          "Statement": [
            {
              "Action": [
                "logs:CreateLogGroup",
                "logs:CreateLogStream",
                "logs:PutLogEvents"
              ],
              "Effect": "Allow",
              "Resource": {
                "Fn::Join": [
                  "",
                  [
                    "arn:",
                    {
                      "Ref": "AWS::Partition"
                    },
                    ":logs:",
                    {
                      "Ref": "AWS::Region"
                    },
                    ":",
                    {
                      "Ref": "AWS::AccountId"
                    },
                    ":log-group:/aws-glue/*"
                  ]
                ]
              }
            }
          ],
          "Version": "2012-10-17"
        },
        "PolicyName": "CustomETLLogPolicyA74138E8",
        "Roles": [
          {
            "Fn::Select": [
              1,
              {
                "Fn::Split": [
                  "/",
                  {
                    "Fn::Select": [
                      5,
                      {
                        "Fn::Split": [
                          ":",
                          {
                            "Fn::GetAtt": [
                              "JobRole014917C6",
                              "Arn"
                            ]
                          }
                        ]
                      }
                    ]
                  }
                ]
              }
            ]
          }
        ]
      }
    },
    "CustomETLETLJobE7CE5E27": {
      "Type": "AWS::Glue::Job",
      "Properties": {
        "Command": {
          "Name": "gluestreaming",
          "PythonVersion": "3",
          "ScriptLocation": {
            "Fn::Join": [
              "",
              [
                "s3://",
                {
                  "Ref": "AssetParametersd4dd6643ee852c9578ae2d36cf2dc8a48630fd2219a15e74502c7ea75bff70c4S3Bucket96760533"
                },
                "/",
                {
                  "Fn::Select": [
                    0,
                    {
                      "Fn::Split": [
                        "||",
                        {
                          "Ref": "AssetParametersd4dd6643ee852c9578ae2d36cf2dc8a48630fd2219a15e74502c7ea75bff70c4S3VersionKey856519B9"
                        }
                      ]
                    }
                  ]
                },
                {
                  "Fn::Select": [
                    1,
                    {
                      "Fn::Split": [
                        "||",
                        {
                          "Ref": "AssetParametersd4dd6643ee852c9578ae2d36cf2dc8a48630fd2219a15e74502c7ea75bff70c4S3VersionKey856519B9"
                        }
                      ]
                    }
                  ]
                }
              ]
            ]
          }
        },
        "Role": {
          "Fn::GetAtt": [
            "JobRole014917C6",
            "Arn"
          ]
        },
        "DefaultArguments": {
          "--job-bookmark-option": "job-bookmark-enable",
          "--enable-metrics": true,
          "--enable-continuous-cloudwatch-log": true,
          "--enable-glue-datacatalog": true,
          "--output_path": {
            "Fn::Join": [
              "",
              [
                "s3://",
                {
                  "Ref": "S3Bucket07682993"
                },
                "/output/"
              ]
            ]
          },
          "--database_name": {
            "Ref": "GlueDatabase"
          },
          "--table_name": {
            "Ref": "GlueTable"
          }
        },
        "GlueVersion": "1.0",
        "SecurityConfiguration": "ETLJobSecurityConfig"
      }
    },
    "GlueJobPolicyAEA4B94E": {
      "Type": "AWS::IAM::Policy",
      "Properties": {
        "PolicyDocument": {
          "Statement": [
            {
              "Action": "glue:GetJob",
              "Effect": "Allow",
              "Resource": {
                "Fn::Join": [
                  "",
                  [
                    "arn:",
                    {
                      "Ref": "AWS::Partition"
                    },
                    ":glue:",
                    {
                      "Ref": "AWS::Region"
                    },
                    ":",
                    {
                      "Ref": "AWS::AccountId"
                    },
                    ":job/",
                    {
                      "Ref": "CustomETLETLJobE7CE5E27"
                    }
                  ]
                ]
              }
            },
            {
              "Action": "glue:GetSecurityConfiguration",
              "Effect": "Allow",
              "Resource": "*"
            },
            {
              "Action": "glue:GetTable",
              "Effect": "Allow",
              "Resource": [
                {
                  "Fn::Join": [
                    "",
                    [
                      "arn:",
                      {
                        "Ref": "AWS::Partition"
                      },
                      ":glue:",
                      {
                        "Ref": "AWS::Region"
                      },
                      ":",
                      {
                        "Ref": "AWS::AccountId"
                      },
                      ":table/",
                      {
                        "Ref": "GlueDatabase"
                      },
                      "/",
                      {
                        "Ref": "GlueTable"
                      }
                    ]
                  ]
                },
                {
                  "Fn::Join": [
                    "",
                    [
                      "arn:",
                      {
                        "Ref": "AWS::Partition"
                      },
                      ":glue:",
                      {
                        "Ref": "AWS::Region"
                      },
                      ":",
                      {
                        "Ref": "AWS::AccountId"
                      },
                      ":database/",
                      {
                        "Ref": "GlueDatabase"
                      }
                    ]
                  ]
                },
                {
                  "Fn::Join": [
                    "",
                    [
                      "arn:",
                      {
                        "Ref": "AWS::Partition"
                      },
                      ":glue:",
                      {
                        "Ref": "AWS::Region"
                      },
                      ":",
                      {
                        "Ref": "AWS::AccountId"
                      },
                      ":catalog"
                    ]
                  ]
                }
              ]
            },
            {
              "Action": "cloudwatch:PutMetricData",
              "Condition": {
                "StringEquals": {
                  "cloudwatch:namespace": "Glue"
                }
              },
              "Effect": "Allow",
              "Resource": "*"
            },
            {
              "Action": [
                "kinesis:DescribeStream",
                "kinesis:DescribeStreamSummary",
                "kinesis:GetRecords",
                "kinesis:GetShardIterator",
                "kinesis:ListShards",
                "kinesis:SubscribeToShard"
              ],
              "Effect": "Allow",
              "Resource": {
                "Fn::GetAtt": [
                  "KinesisStream46752A3E",
                  "Arn"
                ]
              }
            }
          ],
          "Version": "2012-10-17"
        },
        "PolicyName": "GlueJobPolicyAEA4B94E",
        "Roles": [
          {
            "Fn::Select": [
              1,
              {
                "Fn::Split": [
                  "/",
                  {
                    "Fn::Select": [
                      5,
                      {
                        "Fn::Split": [
                          ":",
                          {
                            "Fn::GetAtt": [
                              "JobRole014917C6",
                              "Arn"
                            ]
                          }
                        ]
                      }
                    ]
                  }
                ]
              }
            ]
          }
        ]
      },
      "Metadata": {
        "cfn_nag": {
          "rules_to_suppress": [
            {
              "id": "W12",
              "reason": "Glue Security Configuration does not have an ARN, and the policy only allows reading the configuration.            CloudWatch metrics also do not have an ARN but adding a namespace condition to the policy to allow it to            publish metrics only for AWS Glue"
            }
          ]
        }
      }
    }
  },
  "Parameters": {
    "AssetParametersd4dd6643ee852c9578ae2d36cf2dc8a48630fd2219a15e74502c7ea75bff70c4S3Bucket96760533": {
      "Type": "String",
      "Description": "S3 bucket for asset \"d4dd6643ee852c9578ae2d36cf2dc8a48630fd2219a15e74502c7ea75bff70c4\""
    },
    "AssetParametersd4dd6643ee852c9578ae2d36cf2dc8a48630fd2219a15e74502c7ea75bff70c4S3VersionKey856519B9": {
      "Type": "String",
      "Description": "S3 key for asset version \"d4dd6643ee852c9578ae2d36cf2dc8a48630fd2219a15e74502c7ea75bff70c4\""
    },
    "AssetParametersd4dd6643ee852c9578ae2d36cf2dc8a48630fd2219a15e74502c7ea75bff70c4ArtifactHashC026BAAB": {
      "Type": "String",
      "Description": "Artifact hash for asset \"d4dd6643ee852c9578ae2d36cf2dc8a48630fd2219a15e74502c7ea75bff70c4\""
    }
  },
  "Outputs": {
    "KinesisStreamName": {
      "Value": {
        "Ref": "KinesisStream46752A3E"
      }
    },
    "ScripLocation": {
      "Value": {
        "Fn::Join": [
          "",
          [
            "s3://",
            {
              "Ref": "AssetParametersd4dd6643ee852c9578ae2d36cf2dc8a48630fd2219a15e74502c7ea75bff70c4S3Bucket96760533"
            },
            "/",
            {
              "Fn::Select": [
                0,
                {
                  "Fn::Split": [
                    "||",
                    {
                      "Ref": "AssetParametersd4dd6643ee852c9578ae2d36cf2dc8a48630fd2219a15e74502c7ea75bff70c4S3VersionKey856519B9"
                    }
                  ]
                }
              ]
            },
            {
              "Fn::Select": [
                1,
                {
                  "Fn::Split": [
                    "||",
                    {
                      "Ref": "AssetParametersd4dd6643ee852c9578ae2d36cf2dc8a48630fd2219a15e74502c7ea75bff70c4S3VersionKey856519B9"
                    }
                  ]
                }
              ]
            }
          ]
        ]
      }
    },
    "OutputBucket": {
      "Value": {
        "Fn::GetAtt": [
          "S3Bucket07682993",
          "Arn"
        ]
      }
    }
  }
}